; ModuleID = 'extracted_ir'
source_filename = "/home/u/project/annotated/unit_test/user_lib_func_api.cpp"
target datalayout = "e-m:e-p270:32:32-p271:32:32-p272:64:64-i64:64-f80:128-n8:16:32:64-S128"
target triple = "x86_64-unknown-linux-gnu"

%struct.TValue = type { i64 }
%class.StackFrameHeader = type { ptr, ptr, ptr, %struct.SystemHeapPointer, i32 }
%struct.SystemHeapPointer = type { i32 }

; Function Attrs: nounwind
define dso_local ghccc void @DeegenInternal_UserLibFunctionTrueEntryPoint_testfn3(ptr %0, ptr %1, ptr nocapture readnone %2, ptr nocapture readnone %3, i64 %4, ptr nocapture readnone %5, i64 %6, ptr %vmBasePointer, i64 %7, i64 %8, double %9, double %10, double %11, double %12, double %13, double %14) local_unnamed_addr #0 {
  %.sroa.0.0.copyload.i.i.i = load i64, ptr %1, align 8, !tbaa.struct !2
  %16 = getelementptr inbounds %struct.TValue, ptr %1, i64 1
  %.sroa.0.0.copyload.i5.i.i = load i64, ptr %16, align 8, !tbaa.struct !2
  %17 = add i64 %8, -3
  store i64 %17, ptr %1, align 8
  store i64 %17, ptr %16, align 8
  %18 = getelementptr inbounds i64, ptr %1, i64 2
  store i64 %.sroa.0.0.copyload.i.i.i, ptr %18, align 8
  %19 = getelementptr inbounds i64, ptr %1, i64 3
  store i64 %.sroa.0.0.copyload.i5.i.i, ptr %19, align 8
  %20 = getelementptr %class.StackFrameHeader, ptr %1, i64 -1, i32 2
  %21 = load ptr, ptr %20, align 8, !tbaa !7
  musttail call ghccc void %21(ptr %0, ptr nonnull %1, ptr undef, ptr undef, i64 %4, ptr nonnull %1, i64 4, ptr %vmBasePointer, i64 undef, i64 %8, double undef, double undef, double undef, double undef, double undef, double undef) #1
  ret void
}

attributes #0 = { nounwind "frame-pointer"="none" "no-trapping-math"="true" "stack-protector-buffer-size"="8" "target-cpu"="x86-64" "target-features"="+bmi,+crc32,+cx8,+fsgsbase,+fxsr,+mmx,+popcnt,+sse,+sse2,+sse3,+sse4.1,+sse4.2,+ssse3,+x87" "tune-cpu"="generic" }
attributes #1 = { nounwind }

!llvm.linker.options = !{}
!llvm.module.flags = !{!0, !1}

!0 = !{i32 1, !"wchar_size", i32 4}
!1 = !{i32 7, !"uwtable", i32 2}
!2 = !{i64 0, i64 8, !3}
!3 = !{!4, !4, i64 0}
!4 = !{!"long", !5, i64 0}
!5 = !{!"omnipotent char", !6, i64 0}
!6 = !{!"Simple C++ TBAA"}
!7 = !{!8, !9, i64 16}
!8 = !{!"_ZTS16StackFrameHeader", !9, i64 0, !9, i64 8, !9, i64 16, !10, i64 24, !11, i64 28}
!9 = !{!"any pointer", !5, i64 0}
!10 = !{!"_ZTS17SystemHeapPointerIhE", !11, i64 0}
!11 = !{!"int", !5, i64 0}