; ModuleID = 'extracted_ir'
source_filename = "/home/u/project/annotated/unit_test/make_call_api_parser.cpp"
target datalayout = "e-m:e-p270:32:32-p271:32:32-p272:64:64-i64:64-f80:128-n8:16:32:64-S128"
target triple = "x86_64-unknown-linux-gnu"

%class.anon.2 = type { i8 }
%struct.TValue = type { i64 }

; Function Attrs: mustprogress nounwind readnone willreturn uwtable
declare dso_local noundef zeroext i1 @_Z19DeegenImpl_TValueIsI9tFunctionEb6TValue(i64) #0

; Function Attrs: mustprogress nounwind uwtable
declare dso_local noundef ptr @_Z21TranslateToRawPointerIPU5AS25614FunctionObjectEN15remove_heap_ptrIT_E4typeES4_(ptr addrspace(256) noundef) local_unnamed_addr #1

; Function Attrs: argmemonly mustprogress nocallback nofree nosync nounwind willreturn
declare void @llvm.lifetime.start.p0(i64 immarg, ptr nocapture) #2

declare dso_local noundef ptr @_Z9GetCallee6TValueS_(i64, i64) local_unnamed_addr #3

; Function Attrs: mustprogress noreturn nounwind uwtable
define dso_local void @testfn2(ptr noundef %0, i64 noundef %1) #4 {
  %3 = alloca %class.anon.2, align 1
  %.sroa.012.0.copyload.reg2mem = alloca i64, align 8
  %"reg2mem alloca point" = bitcast i32 0 to i32
  %.sroa.012.0.copyload = load i64, ptr %0, align 8, !tbaa.struct !2
  store i64 %.sroa.012.0.copyload, ptr %.sroa.012.0.copyload.reg2mem, align 8
  %.sroa.012.0.copyload.reload59 = load i64, ptr %.sroa.012.0.copyload.reg2mem, align 8
  %4 = call noundef zeroext i1 @_Z19DeegenImpl_TValueIsI9tFunctionEb6TValue(i64 %.sroa.012.0.copyload.reload59) #8
  br i1 %4, label %5, label %10

5:                                                ; preds = %2
  %.sroa.012.0.copyload.reload58 = load i64, ptr %.sroa.012.0.copyload.reg2mem, align 8
  %6 = call noundef ptr addrspace(256) @_Z19DeegenImpl_TValueAsI9tFunctionEDa6TValue(i64 %.sroa.012.0.copyload.reload58) #8
  %7 = call noundef ptr @_Z21TranslateToRawPointerIPU5AS25614FunctionObjectEN15remove_heap_ptrIT_E4typeES4_(ptr addrspace(256) noundef %6)
  call void @llvm.lifetime.start.p0(i64 1, ptr nonnull %3) #9
  %8 = call fastcc noundef ptr @"_ZZ7testfn2ENK3$_2cvPFvP6TValuemS1_mEEv"(ptr noundef nonnull align 1 dereferenceable(1) %3) #9
  %9 = ptrtoint ptr %7 to i64
  call void @__DeegenInternal_AstMakeCallIdentificationFunc_3(i1 true, i1 false, i1 false, i64 %9, ptr @"_ZZ7testfn2EN3$_28__invokeEP6TValuemS1_m", i64 0, ptr %0, i64 %1)
  unreachable

10:                                               ; preds = %2
  %11 = getelementptr inbounds %struct.TValue, ptr %0, i64 1
  %.sroa.02.0.copyload = load i64, ptr %11, align 8, !tbaa.struct !2
  %.sroa.012.0.copyload.reload = load i64, ptr %.sroa.012.0.copyload.reg2mem, align 8
  %12 = call noundef ptr @_Z9GetCallee6TValueS_(i64 %.sroa.012.0.copyload.reload, i64 %.sroa.02.0.copyload) #9
  %13 = getelementptr inbounds %struct.TValue, ptr %0, i64 2
  %.sroa.01.0.copyload = load i64, ptr %13, align 8, !tbaa.struct !2
  %14 = getelementptr inbounds %struct.TValue, ptr %0, i64 3
  %.sroa.0.0.copyload = load i64, ptr %14, align 8, !tbaa.struct !2
  %15 = ptrtoint ptr %12 to i64
  call void @__DeegenInternal_AstMakeCallIdentificationFunc_4(i1 false, i1 true, i1 true, i64 %15, ptr null, i64 0, i64 %.sroa.01.0.copyload, ptr %0, i64 %1, i64 %.sroa.0.0.copyload)
  unreachable
}

; Function Attrs: inlinehint mustprogress nounwind uwtable
declare dso_local fastcc noundef ptr @"_ZZ7testfn2ENK3$_2cvPFvP6TValuemS1_mEEv"(ptr noundef nonnull align 1 dereferenceable(1)) unnamed_addr #5 align 2

; Function Attrs: mustprogress nounwind readnone willreturn uwtable
declare dso_local noundef ptr addrspace(256) @_Z19DeegenImpl_TValueAsI9tFunctionEDa6TValue(i64) local_unnamed_addr #0

; Function Attrs: inlinehint nounwind uwtable
declare dso_local void @"_ZZ7testfn2EN3$_28__invokeEP6TValuemS1_m"(ptr noundef, i64 noundef, ptr noundef, i64 noundef) #6 align 2

; Function Attrs: noreturn nounwind
declare void @__DeegenInternal_AstMakeCallIdentificationFunc_3(i1, i1, i1, i64, ptr, i64, ptr, i64) #7

; Function Attrs: noreturn nounwind
declare void @__DeegenInternal_AstMakeCallIdentificationFunc_4(i1, i1, i1, i64, ptr, i64, i64, ptr, i64, i64) #7

attributes #0 = { mustprogress nounwind readnone willreturn uwtable "frame-pointer"="none" "min-legal-vector-width"="0" "no-trapping-math"="true" "stack-protector-buffer-size"="8" "target-cpu"="x86-64" "target-features"="+bmi,+crc32,+cx8,+fsgsbase,+fxsr,+mmx,+popcnt,+sse,+sse2,+sse3,+sse4.1,+sse4.2,+ssse3,+x87" "tune-cpu"="generic" }
attributes #1 = { mustprogress nounwind uwtable "frame-pointer"="none" "min-legal-vector-width"="0" "no-trapping-math"="true" "stack-protector-buffer-size"="8" "target-cpu"="x86-64" "target-features"="+bmi,+crc32,+cx8,+fsgsbase,+fxsr,+mmx,+popcnt,+sse,+sse2,+sse3,+sse4.1,+sse4.2,+ssse3,+x87" "tune-cpu"="generic" }
attributes #2 = { argmemonly mustprogress nocallback nofree nosync nounwind willreturn }
attributes #3 = { "frame-pointer"="none" "no-trapping-math"="true" "stack-protector-buffer-size"="8" "target-cpu"="x86-64" "target-features"="+bmi,+crc32,+cx8,+fsgsbase,+fxsr,+mmx,+popcnt,+sse,+sse2,+sse3,+sse4.1,+sse4.2,+ssse3,+x87" "tune-cpu"="generic" }
attributes #4 = { mustprogress noreturn nounwind uwtable "frame-pointer"="none" "min-legal-vector-width"="0" "no-trapping-math"="true" "stack-protector-buffer-size"="8" "target-cpu"="x86-64" "target-features"="+bmi,+crc32,+cx8,+fsgsbase,+fxsr,+mmx,+popcnt,+sse,+sse2,+sse3,+sse4.1,+sse4.2,+ssse3,+x87" "tune-cpu"="generic" }
attributes #5 = { inlinehint mustprogress nounwind uwtable "frame-pointer"="none" "min-legal-vector-width"="0" "no-trapping-math"="true" "stack-protector-buffer-size"="8" "target-cpu"="x86-64" "target-features"="+bmi,+crc32,+cx8,+fsgsbase,+fxsr,+mmx,+popcnt,+sse,+sse2,+sse3,+sse4.1,+sse4.2,+ssse3,+x87" "tune-cpu"="generic" }
attributes #6 = { inlinehint nounwind uwtable "frame-pointer"="none" "min-legal-vector-width"="0" "no-trapping-math"="true" "stack-protector-buffer-size"="8" "target-cpu"="x86-64" "target-features"="+bmi,+crc32,+cx8,+fsgsbase,+fxsr,+mmx,+popcnt,+sse,+sse2,+sse3,+sse4.1,+sse4.2,+ssse3,+x87" "tune-cpu"="generic" }
attributes #7 = { noreturn nounwind }
attributes #8 = { nounwind readnone willreturn }
attributes #9 = { nounwind }

!llvm.linker.options = !{}
!llvm.module.flags = !{!0, !1}

!0 = !{i32 1, !"wchar_size", i32 4}
!1 = !{i32 7, !"uwtable", i32 2}
!2 = !{i64 0, i64 8, !3}
!3 = !{!4, !4, i64 0}
!4 = !{!"long", !5, i64 0}
!5 = !{!"omnipotent char", !6, i64 0}
!6 = !{!"Simple C++ TBAA"}