; ModuleID = 'extracted_ir'
source_filename = "/home/u/project/annotated/unit_test/make_call_api_parser.cpp"
target datalayout = "e-m:e-p270:32:32-p271:32:32-p272:64:64-i64:64-f80:128-n8:16:32:64-S128"
target triple = "x86_64-unknown-linux-gnu"

%class.anon = type { i8 }
%class.anon.0 = type { i8 }

; Function Attrs: mustprogress nounwind readnone willreturn uwtable
declare dso_local noundef zeroext i1 @_Z19DeegenImpl_TValueIsI9tFunctionEb6TValue(i64) #0

; Function Attrs: mustprogress noreturn nounwind uwtable
define dso_local void @testfn1(i64 %0, i64 %1) #1 {
  %3 = alloca %class.anon, align 1
  %4 = alloca %class.anon.0, align 1
  %"reg2mem alloca point" = bitcast i32 0 to i32
  %5 = call noundef zeroext i1 @_Z19DeegenImpl_TValueIsI9tFunctionEb6TValue(i64 %0) #7
  br i1 %5, label %6, label %9

6:                                                ; preds = %2
  %7 = call noundef ptr @_Z19DeegenImpl_TValueAsI9tFunctionEDa6TValue(i64 %0) #7
  call void @llvm.lifetime.start.p0(i64 1, ptr nonnull %3) #8
  %8 = call fastcc noundef ptr @"_ZZ7testfn1ENK3$_0cvPFv6TValueS0_PS0_mEEv"(ptr noundef nonnull align 1 dereferenceable(1) %3) #8
  call void @__DeegenInternal_AstMakeCallIdentificationFunc_0(i1 false, i1 false, i1 false, ptr %7, ptr @"_ZZ7testfn1EN3$_08__invokeE6TValueS0_PS0_m", i64 0, i64 %0, i64 %1)
  unreachable

9:                                                ; preds = %2
  %10 = call noundef zeroext i1 @_Z19DeegenImpl_TValueIsI9tFunctionEb6TValue(i64 %1) #7
  br i1 %10, label %11, label %13

11:                                               ; preds = %9
  %12 = call noundef ptr @_Z19DeegenImpl_TValueAsI9tFunctionEDa6TValue(i64 %1) #7
  call void @__DeegenInternal_AstMakeCallIdentificationFunc_1(i1 false, i1 false, i1 true, ptr %12, ptr null, i64 0, i64 %1, i64 %0)
  unreachable

13:                                               ; preds = %9
  %14 = call noundef ptr @_Z9GetCallee6TValueS_(i64 %0, i64 %1) #8
  call void @llvm.lifetime.start.p0(i64 1, ptr nonnull %4) #8
  %15 = call fastcc noundef ptr @"_ZZ7testfn1ENK3$_1cvPFv6TValueS0_PS0_mEEv"(ptr noundef nonnull align 1 dereferenceable(1) %4) #8
  call void @__DeegenInternal_AstMakeCallIdentificationFunc_2(i1 false, i1 true, i1 false, ptr %14, ptr @"_ZZ7testfn1EN3$_18__invokeE6TValueS0_PS0_m", i64 1, i64 %0, i64 %1, i64 %0, i64 %1)
  unreachable
}

; Function Attrs: argmemonly mustprogress nocallback nofree nosync nounwind willreturn
declare void @llvm.lifetime.start.p0(i64 immarg, ptr nocapture) #2

; Function Attrs: inlinehint mustprogress nounwind uwtable
declare dso_local fastcc noundef ptr @"_ZZ7testfn1ENK3$_0cvPFv6TValueS0_PS0_mEEv"(ptr noundef nonnull align 1 dereferenceable(1)) unnamed_addr #3 align 2

declare dso_local noundef ptr @_Z9GetCallee6TValueS_(i64, i64) local_unnamed_addr #4

; Function Attrs: inlinehint mustprogress nounwind uwtable
declare dso_local fastcc noundef ptr @"_ZZ7testfn1ENK3$_1cvPFv6TValueS0_PS0_mEEv"(ptr noundef nonnull align 1 dereferenceable(1)) unnamed_addr #3 align 2

; Function Attrs: mustprogress nounwind readnone willreturn uwtable
declare dso_local noundef ptr @_Z19DeegenImpl_TValueAsI9tFunctionEDa6TValue(i64) local_unnamed_addr #0

; Function Attrs: inlinehint nounwind uwtable
declare dso_local void @"_ZZ7testfn1EN3$_08__invokeE6TValueS0_PS0_m"(i64, i64, ptr noundef, i64 noundef) #5 align 2

; Function Attrs: inlinehint nounwind uwtable
declare dso_local void @"_ZZ7testfn1EN3$_18__invokeE6TValueS0_PS0_m"(i64, i64, ptr noundef, i64 noundef) #5 align 2

; Function Attrs: noreturn nounwind
declare void @__DeegenInternal_AstMakeCallIdentificationFunc_0(i1, i1, i1, ptr, ptr, i64, i64, i64) #6

; Function Attrs: noreturn nounwind
declare void @__DeegenInternal_AstMakeCallIdentificationFunc_1(i1, i1, i1, ptr, ptr, i64, i64, i64) #6

; Function Attrs: noreturn nounwind
declare void @__DeegenInternal_AstMakeCallIdentificationFunc_2(i1, i1, i1, ptr, ptr, i64, i64, i64, i64, i64) #6

attributes #0 = { mustprogress nounwind readnone willreturn uwtable "frame-pointer"="none" "min-legal-vector-width"="0" "no-trapping-math"="true" "stack-protector-buffer-size"="8" "target-cpu"="x86-64" "target-features"="+bmi,+crc32,+cx8,+fsgsbase,+fxsr,+mmx,+popcnt,+sse,+sse2,+sse3,+sse4.1,+sse4.2,+ssse3,+x87" "tune-cpu"="generic" }
attributes #1 = { mustprogress noreturn nounwind uwtable "frame-pointer"="none" "min-legal-vector-width"="0" "no-trapping-math"="true" "stack-protector-buffer-size"="8" "target-cpu"="x86-64" "target-features"="+bmi,+crc32,+cx8,+fsgsbase,+fxsr,+mmx,+popcnt,+sse,+sse2,+sse3,+sse4.1,+sse4.2,+ssse3,+x87" "tune-cpu"="generic" }
attributes #2 = { argmemonly mustprogress nocallback nofree nosync nounwind willreturn }
attributes #3 = { inlinehint mustprogress nounwind uwtable "frame-pointer"="none" "min-legal-vector-width"="0" "no-trapping-math"="true" "stack-protector-buffer-size"="8" "target-cpu"="x86-64" "target-features"="+bmi,+crc32,+cx8,+fsgsbase,+fxsr,+mmx,+popcnt,+sse,+sse2,+sse3,+sse4.1,+sse4.2,+ssse3,+x87" "tune-cpu"="generic" }
attributes #4 = { "frame-pointer"="none" "no-trapping-math"="true" "stack-protector-buffer-size"="8" "target-cpu"="x86-64" "target-features"="+bmi,+crc32,+cx8,+fsgsbase,+fxsr,+mmx,+popcnt,+sse,+sse2,+sse3,+sse4.1,+sse4.2,+ssse3,+x87" "tune-cpu"="generic" }
attributes #5 = { inlinehint nounwind uwtable "frame-pointer"="none" "min-legal-vector-width"="0" "no-trapping-math"="true" "stack-protector-buffer-size"="8" "target-cpu"="x86-64" "target-features"="+bmi,+crc32,+cx8,+fsgsbase,+fxsr,+mmx,+popcnt,+sse,+sse2,+sse3,+sse4.1,+sse4.2,+ssse3,+x87" "tune-cpu"="generic" }
attributes #6 = { noreturn nounwind }
attributes #7 = { nounwind readnone willreturn }
attributes #8 = { nounwind }

!llvm.linker.options = !{}
!llvm.module.flags = !{!0, !1}

!0 = !{i32 1, !"wchar_size", i32 4}
!1 = !{i32 7, !"uwtable", i32 2}