; ModuleID = 'extracted_ir'
source_filename = "/home/u/project/annotated/unit_test/user_lib_func_api.cpp"
target datalayout = "e-m:e-p270:32:32-p271:32:32-p272:64:64-i64:64-f80:128-n8:16:32:64-S128"
target triple = "x86_64-unknown-linux-gnu"

%0 = type { %1, i8, i8, i32, ptr, %2 }
%1 = type { i8, i8 }
%2 = type { i32, i32 }
%struct.TValue = type { i64 }

; Function Attrs: nounwind
declare dso_local ghccc void @DeegenInternal_UserLibFunctionReturnContinuationTrueEntryPoint_testcont1(ptr, ptr nocapture readonly, ptr nocapture readnone, ptr nocapture readnone, i64, ptr nocapture readonly, i64, i64, i64, i64, double, double, double, double, double, double) #0

; Function Attrs: nounwind
define dso_local ghccc void @DeegenInternal_UserLibFunctionTrueEntryPoint_testfn7(ptr %0, ptr %1, ptr nocapture readnone %2, ptr nocapture readnone %3, i64 %4, ptr nocapture readnone %5, i64 %6, i64 %7, i64 %8, i64 %9, double %10, double %11, double %12, double %13, double %14, double %15) local_unnamed_addr #0 {
  %17 = getelementptr inbounds %struct.TValue, ptr %1, i64 4
  %18 = getelementptr %struct.TValue, ptr %1, i64 2
  store ptr @DeegenInternal_UserLibFunctionReturnContinuationTrueEntryPoint_testcont1, ptr %18, align 8, !tbaa !2
  %19 = getelementptr %struct.TValue, ptr %1, i64 1
  store ptr %1, ptr %19, align 8, !tbaa !9
  %20 = getelementptr %struct.TValue, ptr %1, i64 3
  store i32 0, ptr %20, align 8, !tbaa !10
  %21 = getelementptr i8, ptr %1, i64 28
  store i32 0, ptr %21, align 4, !tbaa !11
  %22 = load ptr, ptr %1, align 8
  %23 = load i32, ptr %22, align 4, !tbaa !12
  %24 = zext i32 %23 to i64
  %25 = load ptr, ptr addrspace(256) null, align 4294967296, !tbaa !14
  %26 = ptrtoint ptr %25 to i64
  %27 = add i64 %26, %24
  %28 = inttoptr i64 %27 to ptr
  %29 = getelementptr inbounds %0, ptr %28, i64 0, i32 4
  %30 = load ptr, ptr %29, align 8, !tbaa !15
  musttail call ghccc void %30(ptr %0, ptr nonnull %17, ptr null, ptr %28, i64 %4, ptr undef, i64 0, i64 undef, i64 undef, i64 %9, double undef, double undef, double undef, double undef, double undef, double undef) #1
  ret void
}

attributes #0 = { nounwind "frame-pointer"="none" "min-legal-vector-width"="0" "no-trapping-math"="true" "stack-protector-buffer-size"="8" "target-cpu"="x86-64" "target-features"="+bmi,+crc32,+cx8,+fsgsbase,+fxsr,+mmx,+popcnt,+sse,+sse2,+sse3,+sse4.1,+sse4.2,+ssse3,+x87" "tune-cpu"="generic" }
attributes #1 = { nounwind }

!llvm.linker.options = !{}
!llvm.module.flags = !{!0, !1}

!0 = !{i32 1, !"wchar_size", i32 4}
!1 = !{i32 7, !"uwtable", i32 2}
!2 = !{!3, !4, i64 16}
!3 = !{!"_ZTS16StackFrameHeader", !4, i64 0, !4, i64 8, !4, i64 16, !7, i64 24, !8, i64 28}
!4 = !{!"any pointer", !5, i64 0}
!5 = !{!"omnipotent char", !6, i64 0}
!6 = !{!"Simple C++ TBAA"}
!7 = !{!"_ZTS17SystemHeapPointerIhE", !8, i64 0}
!8 = !{!"int", !5, i64 0}
!9 = !{!3, !4, i64 8}
!10 = !{!8, !8, i64 0}
!11 = !{!3, !8, i64 28}
!12 = !{!13, !8, i64 0}
!13 = !{!"_ZTS17SystemHeapPointerI14ExecutableCodeE", !8, i64 0}
!14 = !{!4, !4, i64 0}
!15 = !{!16, !4, i64 8}
!16 = !{!"_ZTS14ExecutableCode", !17, i64 0, !20, i64 2, !21, i64 3, !8, i64 4, !4, i64 8, !22, i64 16}
!17 = !{!"_ZTS24SystemHeapGcObjectHeader", !18, i64 0, !19, i64 1}
!18 = !{!"_ZTS14HeapEntityType", !5, i64 0}
!19 = !{!"_ZTS11GcCellState", !5, i64 0}
!20 = !{!"_ZTSN14ExecutableCode4KindE", !5, i64 0}
!21 = !{!"bool", !5, i64 0}
!22 = !{!"_ZTSN14ExecutableCode23InterpreterCallIcAnchorE", !8, i64 0, !8, i64 4}