; ModuleID = 'extracted_ir'
source_filename = "/home/u/project/annotated/unit_test/return_value_accessor_api_lowering.cpp"
target datalayout = "e-m:e-p270:32:32-p271:32:32-p272:64:64-i64:64-f80:128-n8:16:32:64-S128"
target triple = "x86_64-unknown-linux-gnu"

%0 = type { ptr, ptr, ptr, %1, i32 }
%1 = type { i32 }

@__deegen_interpreter_dispatch_table = external dso_local local_unnamed_addr constant [0 x ptr], align 8

; Function Attrs: nounwind
define dso_local ghccc void @__deegen_interpreter_op_test7_0_retcont_0(ptr %0, ptr nocapture readonly %1, ptr nocapture readnone %2, ptr nocapture readnone %3, i64 %4, ptr nocapture readonly %retStart, i64 %numRet, i64 %5, i64 %6, i64 %7, double %8, double %9, double %10, double %11, double %12, double %13) #0 section "deegen_interpreter_code_section_hot" {
  %15 = getelementptr %0, ptr %1, i64 -1, i32 1
  %16 = load ptr, ptr %15, align 8, !tbaa !2
  %17 = getelementptr %0, ptr %1, i64 -1, i32 3
  %18 = load i32, ptr %17, align 4, !tbaa !9
  %19 = zext i32 %18 to i64
  %20 = load ptr, ptr addrspace(256) null, align 4294967296, !tbaa !10
  %21 = ptrtoint ptr %20 to i64
  %22 = add i64 %21, %19
  %23 = inttoptr i64 %22 to ptr
  %24 = getelementptr inbounds %0, ptr %16, i64 -1
  %25 = load ptr, ptr %24, align 8, !tbaa !11
  %26 = load i32, ptr %25, align 4, !tbaa !12
  %27 = zext i32 %26 to i64
  %28 = add i64 %27, %21
  %29 = inttoptr i64 %28 to ptr
  %30 = tail call noundef ptr @_Z2d1v() #2
  %31 = load i64, ptr %retStart, align 8
  %32 = getelementptr inbounds i64, ptr %retStart, i64 1
  %33 = load i64, ptr %32, align 8
  store i64 %31, ptr %30, align 8
  %34 = getelementptr inbounds i64, ptr %30, i64 1
  store i64 %33, ptr %34, align 8
  %35 = getelementptr inbounds i8, ptr %23, i64 6
  %36 = load i16, ptr %35, align 1
  %37 = zext i16 %36 to i64
  %38 = getelementptr inbounds [0 x ptr], ptr @__deegen_interpreter_dispatch_table, i64 0, i64 %37
  %39 = load ptr, ptr %38, align 8
  musttail call ghccc void %39(ptr %0, ptr %16, ptr nonnull %35, ptr %29, i64 %4, ptr undef, i64 undef, i64 undef, i64 undef, i64 %7, double undef, double undef, double undef, double undef, double undef, double undef) #2
  ret void
}

declare dso_local noundef ptr @_Z2d1v() local_unnamed_addr #1

attributes #0 = { nounwind "frame-pointer"="none" "min-legal-vector-width"="0" "no-trapping-math"="true" "stack-protector-buffer-size"="8" "target-cpu"="x86-64" "target-features"="+bmi,+crc32,+cx8,+fsgsbase,+fxsr,+mmx,+popcnt,+sse,+sse2,+sse3,+sse4.1,+sse4.2,+ssse3,+x87" "tune-cpu"="generic" }
attributes #1 = { "frame-pointer"="none" "no-trapping-math"="true" "stack-protector-buffer-size"="8" "target-cpu"="x86-64" "target-features"="+bmi,+crc32,+cx8,+fsgsbase,+fxsr,+mmx,+popcnt,+sse,+sse2,+sse3,+sse4.1,+sse4.2,+ssse3,+x87" "tune-cpu"="generic" }
attributes #2 = { nounwind }

!llvm.linker.options = !{}
!llvm.module.flags = !{!0, !1}

!0 = !{i32 1, !"wchar_size", i32 4}
!1 = !{i32 7, !"uwtable", i32 2}
!2 = !{!3, !4, i64 8}
!3 = !{!"_ZTS16StackFrameHeader", !4, i64 0, !4, i64 8, !4, i64 16, !7, i64 24, !8, i64 28}
!4 = !{!"any pointer", !5, i64 0}
!5 = !{!"omnipotent char", !6, i64 0}
!6 = !{!"Simple C++ TBAA"}
!7 = !{!"_ZTS17SystemHeapPointerIhE", !8, i64 0}
!8 = !{!"int", !5, i64 0}
!9 = !{!7, !8, i64 0}
!10 = !{!4, !4, i64 0}
!11 = !{!3, !4, i64 0}
!12 = !{!13, !8, i64 0}
!13 = !{!"_ZTS17SystemHeapPointerI14ExecutableCodeE", !8, i64 0}